src/app/matchday/[id]/page.tsx(7,1): error TS6133: 'MatchDetailClient' is declared but its value is never read.
src/app/matchday/[id]/page.tsx(229,9): error TS6133: 'bullets' is declared but its value is never read.
src/app/matchday/[id]/page.tsx(230,27): error TS2345: Argument of type 'number | null' is not assignable to parameter of type 'number'.
  Type 'null' is not assignable to type 'number'.
src/app/matchday/[id]/page.tsx(231,25): error TS2345: Argument of type 'number | null' is not assignable to parameter of type 'number'.
  Type 'null' is not assignable to type 'number'.
src/app/matchday/[id]/page.tsx(233,9): error TS6133: 'bulletSectionTitle' is declared but its value is never read.
src/app/matchday/[id]/page.tsx(245,29): error TS2345: Argument of type 'number | null' is not assignable to parameter of type 'number'.
  Type 'null' is not assignable to type 'number'.
src/app/matchday/[id]/page.tsx(249,34): error TS2345: Argument of type 'number | null' is not assignable to parameter of type 'number'.
  Type 'null' is not assignable to type 'number'.
src/app/matchday/[id]/page.tsx(252,9): error TS6133: 'homePlayersWithInsights' is declared but its value is never read.
src/app/matchday/[id]/page.tsx(256,9): error TS6133: 'awayPlayersWithInsights' is declared but its value is never read.
src/app/page.tsx(20,47): error TS6133: 'error' is declared but its value is never read.
src/app/page.tsx(83,12): error TS2322: Type '"Watchlist"' is not assignable to type 'MomentumLabel'.
src/app/players/[id]/page.tsx(13,10): error TS6133: 'LastUpdated' is declared but its value is never read.
src/components/ui/FixtureDetailPanel.tsx(196,43): error TS2345: Argument of type 'number | null' is not assignable to parameter of type 'number'.
  Type 'null' is not assignable to type 'number'.
src/components/ui/FixtureDetailPanel.tsx(197,41): error TS2345: Argument of type 'number | null' is not assignable to parameter of type 'number'.
  Type 'null' is not assignable to type 'number'.
src/components/ui/FixtureDetailPanel.tsx(198,29): error TS2345: Argument of type 'number | null' is not assignable to parameter of type 'number'.
  Type 'null' is not assignable to type 'number'.
src/components/ui/LeagueContextPanel.tsx(4,1): error TS6192: All imports in import declaration are unused.
src/components/ui/SignalStrip.tsx(72,15): error TS6133: 'crestUrl' is declared but its value is never read.
src/components/ui/SpotlightTile.tsx(26,9): error TS6133: 'crestUrl' is declared but its value is never read.
src/lib/server/signal.ts(143,10): error TS6133: 'findRiser' is declared but its value is never read.
src/lib/server/wikidata.ts(28,7): error TS6133: 'QIDS' is declared but its value is never read.
src/lib/teaser.ts(3,31): error TS6196: 'MomentumLabel' is declared but never used.
